
.venv\Scripts\python.exe : Traceback (most 
recent call last):
At line:1 char:1
+ .venv\Scripts\python.exe nepse_live.py 
--symbol NABIL --fast > test_o ...
+ ~~~~~~~~~~~~~~~~~~~~~~~~~~~~~~~~~~~~~~~~~~~~
~~~~~~~~~~~~~~~~~~~~~~~~~
    + CategoryInfo          : NotSpecified: ( 
   Traceback (most recent call last)::String  
  ) [], RemoteException
    + FullyQualifiedErrorId : NativeCommandEr 
   ror
 
  File 
"D:\new_py\nepse_predict\nepse_live.py", line 
966, in <module>
    main()
  File 
"D:\new_py\nepse_predict\nepse_live.py", line 
854, in main
    banner()
  File 
"D:\new_py\nepse_predict\nepse_live.py", line 
90, in banner
    print(Fore.CYAN + line)
  File "D:\new_py\nepse_predict\.venv\Lib\site
-packages\colorama\ansitowin32.py", line 47, 
in write
    self.__convertor.write(text)
  File "D:\new_py\nepse_predict\.venv\Lib\site
-packages\colorama\ansitowin32.py", line 177, 
in write
    self.write_and_convert(text)
  File "D:\new_py\nepse_predict\.venv\Lib\site
-packages\colorama\ansitowin32.py", line 205, 
in write_and_convert
    self.write_plain_text(text, cursor, 
len(text))
  File "D:\new_py\nepse_predict\.venv\Lib\site
-packages\colorama\ansitowin32.py", line 210, 
in write_plain_text
    self.wrapped.write(text[start:end])
  File "D:\new_py\nepse_predict\.venv\Lib\site
-packages\colorama\ansitowin32.py", line 47, 
in write
    self.__convertor.write(text)
  File "D:\new_py\nepse_predict\.venv\Lib\site
-packages\colorama\ansitowin32.py", line 177, 
in write
    self.write_and_convert(text)
  File "D:\new_py\nepse_predict\.venv\Lib\site
-packages\colorama\ansitowin32.py", line 205, 
in write_and_convert
    self.write_plain_text(text, cursor, 
len(text))
  File "D:\new_py\nepse_predict\.venv\Lib\site
-packages\colorama\ansitowin32.py", line 210, 
in write_plain_text
    self.wrapped.write(text[start:end])
  File 
"C:\Python312\Lib\encodings\cp1252.py", line 
19, in encode
    return codecs.charmap_encode(input,self.er
rors,encoding_table)[0]
           ^^^^^^^^^^^^^^^^^^^^^^^^^^^^^^^^^^^
^^^^^^^^^^^^^^^^^^^^
UnicodeEncodeError: 'charmap' codec can't 
encode characters in position 2-5: character 
maps to <undefined>
